\BOOKMARK [1][-]{section.1}{\376\377\000I\000n\000t\000r\000o\000d\000u\000c\000t\000i\000o\000n}{}% 1
\BOOKMARK [1][-]{section.2}{\376\377\000C\000o\000u\000p\000l\000e\000d\000\040\000N\000u\000m\000e\000r\000i\000c\000a\000l\000\040\000F\000r\000a\000m\000e\000w\000o\000r\000k}{}% 2
\BOOKMARK [2][-]{subsection.2.1}{\376\377\0001\000D\000\040\000H\000y\000d\000r\000o\000s\000t\000a\000t\000i\000c\000\040\000I\000n\000t\000e\000r\000i\000o\000r\000\040\000\046\000\040\000E\000O\000S}{section.2}% 3
\BOOKMARK [2][-]{subsection.2.2}{\376\377\000H\000y\000d\000r\000o\000d\000y\000n\000a\000m\000i\000c\000\040\000R\000L\000O\000F\000\040\000M\000a\000s\000s\000\040\000L\000o\000s\000s}{section.2}% 4
\BOOKMARK [2][-]{subsection.2.3}{\376\377\000T\000i\000d\000a\000l\000\040\000O\000r\000b\000i\000t\000a\000l\000\040\000D\000e\000c\000a\000y}{section.2}% 5
\BOOKMARK [1][-]{section.3}{\376\377\000S\000i\000m\000u\000l\000a\000t\000i\000o\000n\000\040\000R\000e\000s\000u\000l\000t\000s\000\040\000\046\000\040\000B\000i\000f\000u\000r\000c\000a\000t\000i\000o\000n\000s}{}% 6
\BOOKMARK [2][-]{subsection.3.1}{\376\377\000D\000i\000s\000c\000o\000v\000e\000r\000y\000\040\000o\000f\000\040\000T\000r\000a\000j\000e\000c\000t\000o\000r\000y\000\040\000B\000i\000f\000u\000r\000c\000a\000t\000i\000o\000n}{section.3}% 7
\BOOKMARK [1][-]{section.4}{\376\377\000D\000y\000n\000a\000m\000i\000c\000a\000l\000\040\000S\000y\000s\000t\000e\000m\000s\000\040\000A\000n\000a\000l\000y\000s\000i\000s\000\040\000\046\000\040\000S\000t\000a\000b\000i\000l\000i\000t\000y\000\040\000C\000r\000i\000t\000e\000r\000i\000a}{}% 8
\BOOKMARK [1][-]{section.5}{\376\377\000R\000e\000p\000l\000i\000c\000a\000t\000i\000o\000n\000\040\000o\000f\000\040\000W\000A\000S\000P\000-\0001\0002\000b\000\040\000O\000r\000b\000i\000t\000a\000l\000\040\000D\000e\000c\000a\000y}{}% 9
\BOOKMARK [1][-]{section.6}{\376\377\000O\000b\000s\000e\000r\000v\000a\000t\000i\000o\000n\000a\000l\000\040\000B\000e\000n\000c\000h\000m\000a\000r\000k\000i\000n\000g}{}% 10
\BOOKMARK [2][-]{subsection.6.1}{\376\377\000O\000r\000i\000g\000i\000n\000\040\000o\000f\000\040\000t\000h\000e\000\040\000U\000l\000t\000r\000a\000-\000S\000h\000o\000r\000t\000-\000P\000e\000r\000i\000o\000d\000\040\000S\000u\000b\000-\000J\000u\000p\000i\000t\000e\000r\000\040\000D\000e\000s\000e\000r\000t}{section.6}% 11
\BOOKMARK [2][-]{subsection.6.2}{\376\377\000I\000n\000d\000i\000v\000i\000d\000u\000a\000l\000\040\000S\000y\000s\000t\000e\000m\000\040\000C\000a\000s\000e\000\040\000S\000t\000u\000d\000i\000e\000s}{section.6}% 12
\BOOKMARK [2][-]{subsection.6.3}{\376\377\000S\000t\000a\000t\000i\000s\000t\000i\000c\000a\000l\000\040\000R\000o\000b\000u\000s\000t\000n\000e\000s\000s\000\040\000o\000f\000\040\000t\000h\000e\000\040\000T\000r\000u\000n\000c\000a\000t\000i\000o\000n\000\040\000B\000o\000u\000n\000d\000a\000r\000y}{section.6}% 13
\BOOKMARK [1][-]{section.7}{\376\377\000T\000h\000e\000\040\000C\000r\000i\000t\000i\000c\000a\000l\000\040\000C\000o\000r\000e\000\040\000M\000a\000s\000s\000\040\000T\000h\000r\000e\000s\000h\000o\000l\000d\000\040\000M\000c\000o\000r\000e\000,\000c\000r\000i\000t\000\040\000f\000o\000r\000\040\000U\000S\000P\000\040\000R\000e\000m\000n\000a\000n\000t\000s}{}% 14
\BOOKMARK [1][-]{section.8}{\376\377\000A\000s\000t\000r\000o\000p\000h\000y\000s\000i\000c\000a\000l\000\040\000I\000m\000p\000l\000i\000c\000a\000t\000i\000o\000n\000s}{}% 15
\BOOKMARK [1][-]{section.9}{\376\377\000C\000o\000n\000c\000l\000u\000s\000i\000o\000n\000s}{}% 16
\BOOKMARK [2][-]{subsection.Alph0.1}{\376\377\000A\000.\000\040\000D\000o\000u\000b\000l\000e\000-\000G\000r\000a\000y\000\040\000A\000t\000m\000o\000s\000p\000h\000e\000r\000i\000c\000\040\000R\000a\000d\000i\000a\000t\000i\000v\000e\000\040\000T\000r\000a\000n\000s\000f\000e\000r\000\040\000D\000e\000r\000i\000v\000a\000t\000i\000o\000n}{section.9}% 17
\BOOKMARK [2][-]{subsection.Alph0.2}{\376\377\000B\000.\000\040\000E\000g\000g\000l\000e\000t\000o\000n\000\040\000V\000o\000l\000u\000m\000e\000-\000E\000q\000u\000i\000v\000a\000l\000e\000n\000t\000\040\000R\000o\000c\000h\000e\000\040\000L\000o\000b\000e\000\040\000R\000a\000d\000i\000u\000s}{section.9}% 18
\BOOKMARK [2][-]{subsection.Alph0.3}{\376\377\000C\000.\000\040\000H\000u\000t\000\040\000T\000i\000d\000a\000l\000\040\000T\000o\000r\000q\000u\000e\000\040\000\046\000\040\000D\000i\000s\000s\000i\000p\000a\000t\000i\000o\000n\000\040\000E\000q\000u\000a\000t\000i\000o\000n\000s}{section.9}% 19
\BOOKMARK [2][-]{subsection.Alph0.4}{\376\377\000D\000.\000\040\000R\000L\000O\000F\000\040\000L\000i\000n\000e\000a\000r\000\040\000S\000t\000a\000b\000i\000l\000i\000t\000y\000\040\000D\000e\000r\000i\000v\000a\000t\000i\000o\000n}{section.9}% 20
\BOOKMARK [2][-]{subsection.Alph0.5}{\376\377\000E\000.\000\040\000D\000e\000r\000i\000v\000a\000t\000i\000o\000n\000\040\000o\000f\000\040\000R\000o\000c\000h\000e\000-\000M\000o\000d\000i\000f\000i\000e\000d\000\040\0001\000D\000\040\000H\000y\000d\000r\000o\000s\000t\000a\000t\000i\000c\000\040\000E\000q\000u\000i\000l\000i\000b\000r\000i\000u\000m}{section.9}% 21
