This is pdfTeX, Version 3.141592653-2.6-1.40.25 (TeX Live 2023/Debian) (preloaded format=pdflatex 2026.8.14)  14 AUG 2026 05:09
entering extended mode
 restricted \write18 enabled.
 %&-line parsing enabled.
**paper_rlof.tex
(./paper_rlof.tex
LaTeX2e <2023-11-01> patch level 1
L3 programming layer <2024-01-22>
(/usr/share/texlive/texmf-dist/tex/latex/base/article.cls
Document Class: article 2023/05/17 v1.4n Standard LaTeX document class
(/usr/share/texlive/texmf-dist/tex/latex/base/size10.clo
File: size10.clo 2023/05/17 v1.4n Standard LaTeX file (size option)
)
\c@part=\count187
\c@section=\count188
\c@subsection=\count189
\c@subsubsection=\count190
\c@paragraph=\count191
\c@subparagraph=\count192
\c@figure=\count193
\c@table=\count194
\abovecaptionskip=\skip48
\belowcaptionskip=\skip49
\bibindent=\dimen140
)
(/usr/share/texlive/texmf-dist/tex/latex/base/inputenc.sty
Package: inputenc 2021/02/14 v1.3d Input encoding file
\inpenc@prehook=\toks17
\inpenc@posthook=\toks18
)
(/usr/share/texlive/texmf-dist/tex/latex/geometry/geometry.sty
Package: geometry 2020/01/02 v5.9 Page Geometry

(/usr/share/texlive/texmf-dist/tex/latex/graphics/keyval.sty
Package: keyval 2022/05/29 v1.15 key=value parser (DPC)
\KV@toks@=\toks19
)
(/usr/share/texlive/texmf-dist/tex/generic/iftex/ifvtex.sty
Package: ifvtex 2019/10/25 v1.7 ifvtex legacy package. Use iftex instead.

(/usr/share/texlive/texmf-dist/tex/generic/iftex/iftex.sty
Package: iftex 2022/02/03 v1.0f TeX engine tests
))
\Gm@cnth=\count195
\Gm@cntv=\count196
\c@Gm@tempcnt=\count197
\Gm@bindingoffset=\dimen141
\Gm@wd@mp=\dimen142
\Gm@odd@mp=\dimen143
\Gm@even@mp=\dimen144
\Gm@layoutwidth=\dimen145
\Gm@layoutheight=\dimen146
\Gm@layouthoffset=\dimen147
\Gm@layoutvoffset=\dimen148
\Gm@dimlist=\toks20
)
(/usr/share/texlive/texmf-dist/tex/latex/amsmath/amsmath.sty
Package: amsmath 2023/05/13 v2.17o AMS math features
\@mathmargin=\skip50

For additional information on amsmath, use the `?' option.
(/usr/share/texlive/texmf-dist/tex/latex/amsmath/amstext.sty
Package: amstext 2021/08/26 v2.01 AMS text

(/usr/share/texlive/texmf-dist/tex/latex/amsmath/amsgen.sty
File: amsgen.sty 1999/11/30 v2.0 generic functions
\@emptytoks=\toks21
\ex@=\dimen149
))
(/usr/share/texlive/texmf-dist/tex/latex/amsmath/amsbsy.sty
Package: amsbsy 1999/11/29 v1.2d Bold Symbols
\pmbraise@=\dimen150
)
(/usr/share/texlive/texmf-dist/tex/latex/amsmath/amsopn.sty
Package: amsopn 2022/04/08 v2.04 operator names
)
\inf@bad=\count198
LaTeX Info: Redefining \frac on input line 234.
\uproot@=\count199
\leftroot@=\count266
LaTeX Info: Redefining \overline on input line 399.
LaTeX Info: Redefining \colon on input line 410.
\classnum@=\count267
\DOTSCASE@=\count268
LaTeX Info: Redefining \ldots on input line 496.
LaTeX Info: Redefining \dots on input line 499.
LaTeX Info: Redefining \cdots on input line 620.
\Mathstrutbox@=\box51
\strutbox@=\box52
LaTeX Info: Redefining \big on input line 722.
LaTeX Info: Redefining \Big on input line 723.
LaTeX Info: Redefining \bigg on input line 724.
LaTeX Info: Redefining \Bigg on input line 725.
\big@size=\dimen151
LaTeX Font Info:    Redeclaring font encoding OML on input line 743.
LaTeX Font Info:    Redeclaring font encoding OMS on input line 744.
\macc@depth=\count269
LaTeX Info: Redefining \bmod on input line 905.
LaTeX Info: Redefining \pmod on input line 910.
LaTeX Info: Redefining \smash on input line 940.
LaTeX Info: Redefining \relbar on input line 970.
LaTeX Info: Redefining \Relbar on input line 971.
\c@MaxMatrixCols=\count270
\dotsspace@=\muskip16
\c@parentequation=\count271
\dspbrk@lvl=\count272
\tag@help=\toks22
\row@=\count273
\column@=\count274
\maxfields@=\count275
\andhelp@=\toks23
\eqnshift@=\dimen152
\alignsep@=\dimen153
\tagshift@=\dimen154
\tagwidth@=\dimen155
\totwidth@=\dimen156
\lineht@=\dimen157
\@envbody=\toks24
\multlinegap=\skip51
\multlinetaggap=\skip52
\mathdisplay@stack=\toks25
LaTeX Info: Redefining \[ on input line 2953.
LaTeX Info: Redefining \] on input line 2954.
)
(/usr/share/texlive/texmf-dist/tex/latex/amsfonts/amssymb.sty
Package: amssymb 2013/01/14 v3.01 AMS font symbols

(/usr/share/texlive/texmf-dist/tex/latex/amsfonts/amsfonts.sty
Package: amsfonts 2013/01/14 v3.01 Basic AMSFonts support
\symAMSa=\mathgroup4
\symAMSb=\mathgroup5
LaTeX Font Info:    Redeclaring math symbol \hbar on input line 98.
LaTeX Font Info:    Overwriting math alphabet `\mathfrak' in version `bold'
(Font)                  U/euf/m/n --> U/euf/b/n on input line 106.
))
(/usr/share/texlive/texmf-dist/tex/latex/graphics/graphicx.sty
Package: graphicx 2021/09/16 v1.2d Enhanced LaTeX Graphics (DPC,SPQR)

(/usr/share/texlive/texmf-dist/tex/latex/graphics/graphics.sty
Package: graphics 2022/03/10 v1.4e Standard LaTeX Graphics (DPC,SPQR)

(/usr/share/texlive/texmf-dist/tex/latex/graphics/trig.sty
Package: trig 2021/08/11 v1.11 sin cos tan (DPC)
)
(/usr/share/texlive/texmf-dist/tex/latex/graphics-cfg/graphics.cfg
File: graphics.cfg 2016/06/04 v1.11 sample graphics configuration
)
Package graphics Info: Driver file: pdftex.def on input line 107.

(/usr/share/texlive/texmf-dist/tex/latex/graphics-def/pdftex.def
File: pdftex.def 2022/09/22 v1.2b Graphics/color driver for pdftex
))
\Gin@req@height=\dimen158
\Gin@req@width=\dimen159
)
(/usr/share/texlive/texmf-dist/tex/latex/l3backend/l3backend-pdftex.def
File: l3backend-pdftex.def 2024-01-04 L3 backend support: PDF output (pdfTeX)
\l__color_backend_stack_int=\count276
\l__pdf_internal_box=\box53
)
(./paper_rlof.aux)
\openout1 = `paper_rlof.aux'.

LaTeX Font Info:    Checking defaults for OML/cmm/m/it on input line 16.
LaTeX Font Info:    ... okay on input line 16.
LaTeX Font Info:    Checking defaults for OMS/cmsy/m/n on input line 16.
LaTeX Font Info:    ... okay on input line 16.
LaTeX Font Info:    Checking defaults for OT1/cmr/m/n on input line 16.
LaTeX Font Info:    ... okay on input line 16.
LaTeX Font Info:    Checking defaults for T1/cmr/m/n on input line 16.
LaTeX Font Info:    ... okay on input line 16.
LaTeX Font Info:    Checking defaults for TS1/cmr/m/n on input line 16.
LaTeX Font Info:    ... okay on input line 16.
LaTeX Font Info:    Checking defaults for OMX/cmex/m/n on input line 16.
LaTeX Font Info:    ... okay on input line 16.
LaTeX Font Info:    Checking defaults for U/cmr/m/n on input line 16.
LaTeX Font Info:    ... okay on input line 16.

*geometry* driver: auto-detecting
*geometry* detected driver: pdftex
*geometry* verbose mode - [ preamble ] result:
* driver: pdftex
* paper: <default>
* layout: <same size as paper>
* layoutoffset:(h,v)=(0.0pt,0.0pt)
* modes: 
* h-part:(L,W,R)=(54.2025pt, 505.89pt, 54.2025pt)
* v-part:(T,H,B)=(54.2025pt, 686.56499pt, 54.2025pt)
* \paperwidth=614.295pt
* \paperheight=794.96999pt
* \textwidth=505.89pt
* \textheight=686.56499pt
* \oddsidemargin=-18.06749pt
* \evensidemargin=-18.06749pt
* \topmargin=-55.06749pt
* \headheight=12.0pt
* \headsep=25.0pt
* \topskip=10.0pt
* \footskip=30.0pt
* \marginparwidth=4.0pt
* \marginparsep=10.0pt
* \columnsep=10.0pt
* \skip\footins=9.0pt plus 4.0pt minus 2.0pt
* \hoffset=0.0pt
* \voffset=0.0pt
* \mag=1000
* \@twocolumntrue
* \@twosidefalse
* \@mparswitchfalse
* \@reversemarginfalse
* (1in=72.27pt=25.4mm, 1cm=28.453pt)

(/usr/share/texlive/texmf-dist/tex/context/base/mkii/supp-pdf.mkii
[Loading MPS to PDF converter (version 2006.09.02).]
\scratchcounter=\count277
\scratchdimen=\dimen160
\scratchbox=\box54
\nofMPsegments=\count278
\nofMParguments=\count279
\everyMPshowfont=\toks26
\MPscratchCnt=\count280
\MPscratchDim=\dimen161
\MPnumerator=\count281
\makeMPintoPDFobject=\count282
\everyMPtoPDFconversion=\toks27
) (/usr/share/texlive/texmf-dist/tex/latex/epstopdf-pkg/epstopdf-base.sty
Package: epstopdf-base 2020-01-24 v2.11 Base part for package epstopdf
Package epstopdf-base Info: Redefining graphics rule for `.eps' on input line 4
85.

(/usr/share/texlive/texmf-dist/tex/latex/latexconfig/epstopdf-sys.cfg
File: epstopdf-sys.cfg 2010/07/13 v1.3 Configuration of (r)epstopdf for TeX Liv
e
))
LaTeX Font Info:    Trying to load font information for U+msa on input line 18.


(/usr/share/texlive/texmf-dist/tex/latex/amsfonts/umsa.fd
File: umsa.fd 2013/01/14 v3.01 AMS symbols A
)
LaTeX Font Info:    Trying to load font information for U+msb on input line 18.


(/usr/share/texlive/texmf-dist/tex/latex/amsfonts/umsb.fd
File: umsb.fd 2013/01/14 v3.01 AMS symbols B
)
Underfull \hbox (badness 5548) in paragraph at lines 29--30
[]\OT1/cmr/m/n/10 Historically, the-o-ret-i-cal stud-ies eval-u-ated RLOF
 []


Underfull \hbox (badness 10000) in paragraph at lines 29--30
\OT1/cmr/m/n/10 mass loss as-sum-ing fixed or-bital sep-a-ra-tions
 []


Underfull \hbox (badness 10000) in paragraph at lines 34--35
\OT1/cmr/m/n/10 We cou-ple the 1D hy-dro-static in-te-rior solver
 []


Underfull \hbox (badness 7486) in paragraph at lines 34--35
\OT1/cmtt/m/n/10 InteriorSolver \OT1/cmr/m/n/10 from the \OT1/cmtt/m/n/10 hot[]
jupiter \OT1/cmr/m/n/10 nu-mer-i-cal
 []


Overfull \hbox (7.42755pt too wide) detected at line 41
[][] \OT1/cmr/m/n/10 = \OMS/cmsy/m/n/10 ^^@\OML/cmm/m/it/10 ^^Z\OT1/cmr/m/n/10 
(\OML/cmm/m/it/10 r\OT1/cmr/m/n/10 )[] [] \OML/cmm/m/it/10 ;  [] \OT1/cmr/m/n/1
0 = 4\OML/cmm/m/it/10 ^^Yr[]^^Z\OT1/cmr/m/n/10 (\OML/cmm/m/it/10 r\OT1/cmr/m/n/
10 )
 []

[1{/var/lib/texmf/fonts/map/pdftex/updmap/pdftex.map}


]
Underfull \hbox (badness 4416) in paragraph at lines 56--57
[]\OT1/cmr/m/n/10 When the Roche lobe fill-ing fac-tor $\OML/cmm/m/it/10 ^^V[] 
\OMS/cmsy/m/n/10 ^^Q
 []


Underfull \hbox (badness 1102) in paragraph at lines 67--68
\OT1/cmr/m/n/10 Tidal dis-si-pa-tion in the star and plan-e-tary in-te-rior
 []

<figures/fig1_scenario1_disruption.png, id=18, 1185.228pt x 286.4301pt>
File: figures/fig1_scenario1_disruption.png Graphic file (type png)
<use figures/fig1_scenario1_disruption.png>
Package pdftex.def Info: figures/fig1_scenario1_disruption.png  used on input l
ine 77.
(pdftex.def)             Requested size: 242.98503pt x 58.71854pt.

LaTeX Warning: `h' float specifier changed to `ht'.

<figures/fig2_scenario2_stagnation.png, id=20, 1185.228pt x 286.4301pt>
File: figures/fig2_scenario2_stagnation.png Graphic file (type png)
<use figures/fig2_scenario2_stagnation.png>
Package pdftex.def Info: figures/fig2_scenario2_stagnation.png  used on input l
ine 84.
(pdftex.def)             Requested size: 242.98503pt x 58.71854pt.

LaTeX Warning: `h' float specifier changed to `ht'.

<figures/fig3_scenario3_cooling.png, id=21, 1185.228pt x 286.4301pt>
File: figures/fig3_scenario3_cooling.png Graphic file (type png)
<use figures/fig3_scenario3_cooling.png>
Package pdftex.def Info: figures/fig3_scenario3_cooling.png  used on input line
 91.
(pdftex.def)             Requested size: 242.98503pt x 58.71854pt.

LaTeX Warning: `h' float specifier changed to `ht'.

<figures/fig4_scenario4_eccentric.png, id=22, 1185.228pt x 286.4301pt>
File: figures/fig4_scenario4_eccentric.png Graphic file (type png)
<use figures/fig4_scenario4_eccentric.png>
Package pdftex.def Info: figures/fig4_scenario4_eccentric.png  used on input li
ne 98.
(pdftex.def)             Requested size: 242.98503pt x 58.71854pt.

LaTeX Warning: `h' float specifier changed to `ht'.

<figures/fig2_roche_filling.png, id=23, 578.16pt x 361.35pt>
File: figures/fig2_roche_filling.png Graphic file (type png)
<use figures/fig2_roche_filling.png>
Package pdftex.def Info: figures/fig2_roche_filling.png  used on input line 105
.
(pdftex.def)             Requested size: 242.98503pt x 151.8652pt.

LaTeX Warning: `h' float specifier changed to `ht'.


Underfull \hbox (badness 6961) in paragraph at lines 111--112
\OT1/cmr/m/n/10 We evolved a 4D grid of cou-pled evo-lu-tion-ary
 []


Underfull \hbox (badness 1735) in paragraph at lines 111--112
\OT1/cmr/m/n/10 tracks across $\OML/cmm/m/it/10 M[]\OT1/cmr/m/n/10 (0) \OMS/cms
y/m/n/10 2 \OT1/cmr/m/n/10 [0\OML/cmm/m/it/10 :\OT1/cmr/m/n/10 3\OML/cmm/m/it/1
0 ; \OT1/cmr/m/n/10 2\OML/cmm/m/it/10 :\OT1/cmr/m/n/10 2] \OML/cmm/m/it/10 M[]$
 \OT1/cmr/m/n/10 and $\OML/cmm/m/it/10 a\OT1/cmr/m/n/10 (0) \OMS/cmsy/m/n/10 2
 []


Underfull \hbox (badness 6220) in paragraph at lines 118--119
[]\OT1/cmr/bx/n/10 Self-Limiting Mass-Loss Stag-na-tion\OT1/cmr/m/n/10 : For
 []

<figures/fig3_bifurcation_map.png, id=24, 578.16pt x 397.485pt>
File: figures/fig3_bifurcation_map.png Graphic file (type png)
<use figures/fig3_bifurcation_map.png>
Package pdftex.def Info: figures/fig3_bifurcation_map.png  used on input line 1
23.
(pdftex.def)             Requested size: 242.98503pt x 167.05173pt.

LaTeX Warning: `h' float specifier changed to `ht'.


Underfull \vbox (badness 3872) has occurred while \output is active []

 [2 <./figures/fig1_scenario1_disruption.png> <./figures/fig2_scenario2_stagnat
ion.png>]
<figures/fig4_obs_comparison.png, id=32, 578.16pt x 433.62pt>
File: figures/fig4_obs_comparison.png Graphic file (type png)
<use figures/fig4_obs_comparison.png>
Package pdftex.def Info: figures/fig4_obs_comparison.png  used on input line 15
7.
(pdftex.def)             Requested size: 242.98503pt x 182.23825pt.


LaTeX Warning: `h' float specifier changed to `ht'.

<figures/fig5_usp_cases.png, id=33, 578.16pt x 433.62pt>
File: figures/fig5_usp_cases.png Graphic file (type png)
<use figures/fig5_usp_cases.png>
Package pdftex.def Info: figures/fig5_usp_cases.png  used on input line 164.
(pdftex.def)             Requested size: 242.98503pt x 182.23825pt.

LaTeX Warning: `h' float specifier changed to `ht'.


Underfull \hbox (badness 4859) in paragraph at lines 171--171
[]\OT1/cmr/bx/n/12 Origin of the Ultra-Short-Period
 []

[3 <./figures/fig3_scenario3_cooling.png> <./figures/fig4_scenario4_eccentric.p
ng> <./figures/fig2_roche_filling.png>]
Underfull \hbox (badness 10000) in paragraph at lines 183--184
\OT1/cmr/m/n/10 The the-o-ret-i-cal bound-ary $\OML/cmm/m/it/10 M[]\OT1/cmr/m/n
/10 (\OML/cmm/m/it/10 a\OT1/cmr/m/n/10 ) \OMS/cmsy/m/n/10 ^^Y
 []


Underfull \hbox (badness 4886) in paragraph at lines 183--184
\OT1/cmr/m/n/10 0\OML/cmm/m/it/10 :\OT1/cmr/m/n/10 50(\OML/cmm/m/it/10 a=\OT1/c
mr/m/n/10 0\OML/cmm/m/it/10 :\OT1/cmr/m/n/10 018[])[] \OML/cmm/m/it/10 M[]$ \OT
1/cmr/m/n/10 acts as an em-pir-i-cal fil-
 []

<figures/fig6_core_mass_remnants.png, id=41, 534.798pt x 354.123pt>
File: figures/fig6_core_mass_remnants.png Graphic file (type png)
<use figures/fig6_core_mass_remnants.png>
Package pdftex.def Info: figures/fig6_core_mass_remnants.png  used on input lin
e 190.
(pdftex.def)             Requested size: 242.98503pt x 160.89926pt.

LaTeX Warning: `h' float specifier changed to `ht'.

<figures/fig7_core_threshold_scaling.png, id=42, 534.798pt x 354.123pt>
File: figures/fig7_core_threshold_scaling.png Graphic file (type png)
<use figures/fig7_core_threshold_scaling.png>
Package pdftex.def Info: figures/fig7_core_threshold_scaling.png  used on input
 line 197.
(pdftex.def)             Requested size: 242.98503pt x 160.89926pt.

LaTeX Warning: `h' float specifier changed to `ht'.

<figures/fig8_heavy_element_enrichment.png, id=43, 534.798pt x 354.123pt>
File: figures/fig8_heavy_element_enrichment.png Graphic file (type png)
<use figures/fig8_heavy_element_enrichment.png>
Package pdftex.def Info: figures/fig8_heavy_element_enrichment.png  used on inp
ut line 204.
(pdftex.def)             Requested size: 242.98503pt x 160.89926pt.

Underfull \hbox (badness 1107) in paragraph at lines 205--205
[]\OT1/cmr/m/n/10 Figure 11: \OT1/cmr/bx/n/10 Heavy-Element En-rich-ment Fin-ge
r-
 []


Underfull \hbox (badness 1009) in paragraph at lines 205--205
\OT1/cmr/bx/n/10 print. \OT1/cmr/m/n/10 Fi-nal bulk heavy-element frac-tion $\O
ML/cmm/m/it/10 Z[] \OMS/cmsy/m/n/10 ^^Q
 []


Underfull \hbox (badness 1661) in paragraph at lines 205--205
\OML/cmm/m/it/10 M[]=M[]$ \OT1/cmr/m/n/10 of sur-viv-ing USP rem-nants, com-par
ed
 []


LaTeX Warning: `h' float specifier changed to `ht'.

[4 <./figures/fig3_bifurcation_map.png> <./figures/fig4_obs_comparison.png>]
Underfull \hbox (badness 2970) in paragraph at lines 227--228
\OT1/cmr/m/n/10 in-cor-po-rat-ing 3D Roche po-ten-tial equipo-ten-tial
 []


Underfull \hbox (badness 1735) in paragraph at lines 227--228
\OT1/cmr/m/n/10 sur-face av-er-ag-ing, we for-mu-lated a 1D Roche-
 []

[5 <./figures/fig5_usp_cases.png> <./figures/fig6_core_mass_remnants.png> <./fi
gures/fig7_core_threshold_scaling.png>]
Underfull \hbox (badness 3250) in paragraph at lines 230--231
[]\OT1/cmr/bx/n/10 Analytical Sur-vival Thresh-old\OT1/cmr/m/n/10 : The crit-i-

 []


Underfull \hbox (badness 1910) in paragraph at lines 230--231
\OT1/cmr/m/n/10 cal mass thresh-old for USP sur-vival scales as
 []

[6 <./figures/fig8_heavy_element_enrichment.png>]
Underfull \hbox (badness 10000) in paragraph at lines 274--276
\OT1/cmr/m/n/10 Substituting $[]\OML/cmm/m/it/10 =R[] \OT1/cmr/m/n/10 = \OML/cm
m/m/it/10 ^^P[]\OT1/cmr/m/n/10 ([]\OML/cmm/m/it/10 =M[]\OT1/cmr/m/n/10 )$ and
 []


Overfull \hbox (73.25816pt too wide) detected at line 303
[][] \OT1/cmr/m/n/10 = \OMS/cmsy/m/n/10 ^^@[] [] \OML/cmm/m/it/10 ;  [] \OT1/cm
r/m/n/10 = \OMS/cmsy/m/n/10 ^^@[] []
 []


Underfull \hbox (badness 5288) in paragraph at lines 312--313
[]\OT1/cmr/m/n/10 Charbonneau, D., et al.
 []


Underfull \hbox (badness 10000) in paragraph at lines 319--320
[]\OT1/cmr/m/n/10 Kippenhahn, R., &
 []

[7] (./paper_rlof.aux)
 ***********
LaTeX2e <2023-11-01> patch level 1
L3 programming layer <2024-01-22>
 ***********
 ) 
Here is how much of TeX's memory you used:
 3270 strings out of 476182
 49700 string characters out of 5795595
 1945975 words of memory out of 5000000
 25252 multiletter control sequences out of 15000+600000
 568954 words of font info for 78 fonts, out of 8000000 for 9000
 14 hyphenation exceptions out of 8191
 57i,13n,65p,1717b,290s stack positions out of 10000i,1000n,20000p,200000b,200000s
 </home/neil/.texlive2023/texmf-var/fonts/pk/ljfour/jknappen/ec/tcrm1000.600p
k></usr/share/texlive/texmf-dist/fonts/type1/public/amsfonts/cm/cmbx10.pfb></us
r/share/texlive/texmf-dist/fonts/type1/public/amsfonts/cm/cmbx12.pfb></usr/shar
e/texlive/texmf-dist/fonts/type1/public/amsfonts/cm/cmbx7.pfb></usr/share/texli
ve/texmf-dist/fonts/type1/public/amsfonts/cm/cmex10.pfb></usr/share/texlive/tex
mf-dist/fonts/type1/public/amsfonts/cm/cmmi10.pfb></usr/share/texlive/texmf-dis
t/fonts/type1/public/amsfonts/cm/cmmi12.pfb></usr/share/texlive/texmf-dist/font
s/type1/public/amsfonts/cm/cmmi5.pfb></usr/share/texlive/texmf-dist/fonts/type1
/public/amsfonts/cm/cmmi7.pfb></usr/share/texlive/texmf-dist/fonts/type1/public
/amsfonts/cm/cmr10.pfb></usr/share/texlive/texmf-dist/fonts/type1/public/amsfon
ts/cm/cmr12.pfb></usr/share/texlive/texmf-dist/fonts/type1/public/amsfonts/cm/c
mr5.pfb></usr/share/texlive/texmf-dist/fonts/type1/public/amsfonts/cm/cmr7.pfb>
</usr/share/texlive/texmf-dist/fonts/type1/public/amsfonts/cm/cmsy10.pfb></usr/
share/texlive/texmf-dist/fonts/type1/public/amsfonts/cm/cmsy7.pfb></usr/share/t
exlive/texmf-dist/fonts/type1/public/amsfonts/cm/cmti10.pfb></usr/share/texlive
/texmf-dist/fonts/type1/public/amsfonts/cm/cmtt10.pfb></usr/share/texlive/texmf
-dist/fonts/type1/public/amsfonts/symbols/msam10.pfb>
Output written on paper_rlof.pdf (7 pages, 3103484 bytes).
PDF statistics:
 141 PDF objects out of 1000 (max. 8388607)
 74 compressed objects within 1 object stream
 0 named destinations out of 1000 (max. 500000)
 56 words of extra memory for PDF output out of 10000 (max. 10000000)

