This is pdfTeX, Version 3.141592653-2.6-1.40.25 (TeX Live 2023/Debian) (preloaded format=pdflatex 2026.2.3)  3 AUG 2026 07:14
entering extended mode
 restricted \write18 enabled.
 %&-line parsing enabled.
**paper.tex
(./paper.tex
LaTeX2e <2023-11-01> patch level 1
L3 programming layer <2024-01-22>
(/usr/share/texlive/texmf-dist/tex/latex/base/article.cls
Document Class: article 2023/05/17 v1.4n Standard LaTeX document class
(/usr/share/texlive/texmf-dist/tex/latex/base/size10.clo
File: size10.clo 2023/05/17 v1.4n Standard LaTeX file (size option)
)
\c@part=\count187
\c@section=\count188
\c@subsection=\count189
\c@subsubsection=\count190
\c@paragraph=\count191
\c@subparagraph=\count192
\c@figure=\count193
\c@table=\count194
\abovecaptionskip=\skip48
\belowcaptionskip=\skip49
\bibindent=\dimen140
)
(/usr/share/texlive/texmf-dist/tex/latex/base/inputenc.sty
Package: inputenc 2021/02/14 v1.3d Input encoding file
\inpenc@prehook=\toks17
\inpenc@posthook=\toks18
)
(/usr/share/texlive/texmf-dist/tex/latex/geometry/geometry.sty
Package: geometry 2020/01/02 v5.9 Page Geometry

(/usr/share/texlive/texmf-dist/tex/latex/graphics/keyval.sty
Package: keyval 2022/05/29 v1.15 key=value parser (DPC)
\KV@toks@=\toks19
)
(/usr/share/texlive/texmf-dist/tex/generic/iftex/ifvtex.sty
Package: ifvtex 2019/10/25 v1.7 ifvtex legacy package. Use iftex instead.

(/usr/share/texlive/texmf-dist/tex/generic/iftex/iftex.sty
Package: iftex 2022/02/03 v1.0f TeX engine tests
))
\Gm@cnth=\count195
\Gm@cntv=\count196
\c@Gm@tempcnt=\count197
\Gm@bindingoffset=\dimen141
\Gm@wd@mp=\dimen142
\Gm@odd@mp=\dimen143
\Gm@even@mp=\dimen144
\Gm@layoutwidth=\dimen145
\Gm@layoutheight=\dimen146
\Gm@layouthoffset=\dimen147
\Gm@layoutvoffset=\dimen148
\Gm@dimlist=\toks20
)
(/usr/share/texlive/texmf-dist/tex/latex/amsmath/amsmath.sty
Package: amsmath 2023/05/13 v2.17o AMS math features
\@mathmargin=\skip50

For additional information on amsmath, use the `?' option.
(/usr/share/texlive/texmf-dist/tex/latex/amsmath/amstext.sty
Package: amstext 2021/08/26 v2.01 AMS text

(/usr/share/texlive/texmf-dist/tex/latex/amsmath/amsgen.sty
File: amsgen.sty 1999/11/30 v2.0 generic functions
\@emptytoks=\toks21
\ex@=\dimen149
))
(/usr/share/texlive/texmf-dist/tex/latex/amsmath/amsbsy.sty
Package: amsbsy 1999/11/29 v1.2d Bold Symbols
\pmbraise@=\dimen150
)
(/usr/share/texlive/texmf-dist/tex/latex/amsmath/amsopn.sty
Package: amsopn 2022/04/08 v2.04 operator names
)
\inf@bad=\count198
LaTeX Info: Redefining \frac on input line 234.
\uproot@=\count199
\leftroot@=\count266
LaTeX Info: Redefining \overline on input line 399.
LaTeX Info: Redefining \colon on input line 410.
\classnum@=\count267
\DOTSCASE@=\count268
LaTeX Info: Redefining \ldots on input line 496.
LaTeX Info: Redefining \dots on input line 499.
LaTeX Info: Redefining \cdots on input line 620.
\Mathstrutbox@=\box51
\strutbox@=\box52
LaTeX Info: Redefining \big on input line 722.
LaTeX Info: Redefining \Big on input line 723.
LaTeX Info: Redefining \bigg on input line 724.
LaTeX Info: Redefining \Bigg on input line 725.
\big@size=\dimen151
LaTeX Font Info:    Redeclaring font encoding OML on input line 743.
LaTeX Font Info:    Redeclaring font encoding OMS on input line 744.
\macc@depth=\count269
LaTeX Info: Redefining \bmod on input line 905.
LaTeX Info: Redefining \pmod on input line 910.
LaTeX Info: Redefining \smash on input line 940.
LaTeX Info: Redefining \relbar on input line 970.
LaTeX Info: Redefining \Relbar on input line 971.
\c@MaxMatrixCols=\count270
\dotsspace@=\muskip16
\c@parentequation=\count271
\dspbrk@lvl=\count272
\tag@help=\toks22
\row@=\count273
\column@=\count274
\maxfields@=\count275
\andhelp@=\toks23
\eqnshift@=\dimen152
\alignsep@=\dimen153
\tagshift@=\dimen154
\tagwidth@=\dimen155
\totwidth@=\dimen156
\lineht@=\dimen157
\@envbody=\toks24
\multlinegap=\skip51
\multlinetaggap=\skip52
\mathdisplay@stack=\toks25
LaTeX Info: Redefining \[ on input line 2953.
LaTeX Info: Redefining \] on input line 2954.
)
(/usr/share/texlive/texmf-dist/tex/latex/amsfonts/amssymb.sty
Package: amssymb 2013/01/14 v3.01 AMS font symbols

(/usr/share/texlive/texmf-dist/tex/latex/amsfonts/amsfonts.sty
Package: amsfonts 2013/01/14 v3.01 Basic AMSFonts support
\symAMSa=\mathgroup4
\symAMSb=\mathgroup5
LaTeX Font Info:    Redeclaring math symbol \hbar on input line 98.
LaTeX Font Info:    Overwriting math alphabet `\mathfrak' in version `bold'
(Font)                  U/euf/m/n --> U/euf/b/n on input line 106.
))
(/usr/share/texlive/texmf-dist/tex/latex/graphics/graphicx.sty
Package: graphicx 2021/09/16 v1.2d Enhanced LaTeX Graphics (DPC,SPQR)

(/usr/share/texlive/texmf-dist/tex/latex/graphics/graphics.sty
Package: graphics 2022/03/10 v1.4e Standard LaTeX Graphics (DPC,SPQR)

(/usr/share/texlive/texmf-dist/tex/latex/graphics/trig.sty
Package: trig 2021/08/11 v1.11 sin cos tan (DPC)
)
(/usr/share/texlive/texmf-dist/tex/latex/graphics-cfg/graphics.cfg
File: graphics.cfg 2016/06/04 v1.11 sample graphics configuration
)
Package graphics Info: Driver file: pdftex.def on input line 107.

(/usr/share/texlive/texmf-dist/tex/latex/graphics-def/pdftex.def
File: pdftex.def 2022/09/22 v1.2b Graphics/color driver for pdftex
))
\Gin@req@height=\dimen158
\Gin@req@width=\dimen159
)
(/usr/share/texlive/texmf-dist/tex/latex/booktabs/booktabs.sty
Package: booktabs 2020/01/12 v1.61803398 Publication quality tables
\heavyrulewidth=\dimen160
\lightrulewidth=\dimen161
\cmidrulewidth=\dimen162
\belowrulesep=\dimen163
\belowbottomsep=\dimen164
\aboverulesep=\dimen165
\abovetopsep=\dimen166
\cmidrulesep=\dimen167
\cmidrulekern=\dimen168
\defaultaddspace=\dimen169
\@cmidla=\count276
\@cmidlb=\count277
\@aboverulesep=\dimen170
\@belowrulesep=\dimen171
\@thisruleclass=\count278
\@lastruleclass=\count279
\@thisrulewidth=\dimen172
)
(/usr/share/texlive/texmf-dist/tex/latex/hyperref/hyperref.sty
Package: hyperref 2024-01-20 v7.01h Hypertext links for LaTeX

(/usr/share/texlive/texmf-dist/tex/latex/kvsetkeys/kvsetkeys.sty
Package: kvsetkeys 2022-10-05 v1.19 Key value parser (HO)
)
(/usr/share/texlive/texmf-dist/tex/generic/kvdefinekeys/kvdefinekeys.sty
Package: kvdefinekeys 2019-12-19 v1.6 Define keys (HO)
)
(/usr/share/texlive/texmf-dist/tex/generic/pdfescape/pdfescape.sty
Package: pdfescape 2019/12/09 v1.15 Implements pdfTeX's escape features (HO)

(/usr/share/texlive/texmf-dist/tex/generic/ltxcmds/ltxcmds.sty
Package: ltxcmds 2023-12-04 v1.26 LaTeX kernel commands for general use (HO)
)
(/usr/share/texlive/texmf-dist/tex/generic/pdftexcmds/pdftexcmds.sty
Package: pdftexcmds 2020-06-27 v0.33 Utility functions of pdfTeX for LuaTeX (HO
)

(/usr/share/texlive/texmf-dist/tex/generic/infwarerr/infwarerr.sty
Package: infwarerr 2019/12/03 v1.5 Providing info/warning/error messages (HO)
)
Package pdftexcmds Info: \pdf@primitive is available.
Package pdftexcmds Info: \pdf@ifprimitive is available.
Package pdftexcmds Info: \pdfdraftmode found.
))
(/usr/share/texlive/texmf-dist/tex/latex/hycolor/hycolor.sty
Package: hycolor 2020-01-27 v1.10 Color options for hyperref/bookmark (HO)
)
(/usr/share/texlive/texmf-dist/tex/latex/auxhook/auxhook.sty
Package: auxhook 2019-12-17 v1.6 Hooks for auxiliary files (HO)
)
(/usr/share/texlive/texmf-dist/tex/latex/hyperref/nameref.sty
Package: nameref 2023-11-26 v2.56 Cross-referencing by name of section

(/usr/share/texlive/texmf-dist/tex/latex/refcount/refcount.sty
Package: refcount 2019/12/15 v3.6 Data extraction from label references (HO)
)
(/usr/share/texlive/texmf-dist/tex/generic/gettitlestring/gettitlestring.sty
Package: gettitlestring 2019/12/15 v1.6 Cleanup title references (HO)

(/usr/share/texlive/texmf-dist/tex/latex/kvoptions/kvoptions.sty
Package: kvoptions 2022-06-15 v3.15 Key value format for package options (HO)
))
\c@section@level=\count280
)
(/usr/share/texlive/texmf-dist/tex/latex/etoolbox/etoolbox.sty
Package: etoolbox 2020/10/05 v2.5k e-TeX tools for LaTeX (JAW)
\etb@tempcnta=\count281
)
\@linkdim=\dimen173
\Hy@linkcounter=\count282
\Hy@pagecounter=\count283

(/usr/share/texlive/texmf-dist/tex/latex/hyperref/pd1enc.def
File: pd1enc.def 2024-01-20 v7.01h Hyperref: PDFDocEncoding definition (HO)
Now handling font encoding PD1 ...
... no UTF-8 mapping file for font encoding PD1
)
(/usr/share/texlive/texmf-dist/tex/generic/intcalc/intcalc.sty
Package: intcalc 2019/12/15 v1.3 Expandable calculations with integers (HO)
)
\Hy@SavedSpaceFactor=\count284

(/usr/share/texlive/texmf-dist/tex/latex/hyperref/puenc.def
File: puenc.def 2024-01-20 v7.01h Hyperref: PDF Unicode definition (HO)
Now handling font encoding PU ...
... no UTF-8 mapping file for font encoding PU
)
Package hyperref Info: Hyper figures OFF on input line 4179.
Package hyperref Info: Link nesting OFF on input line 4184.
Package hyperref Info: Hyper index ON on input line 4187.
Package hyperref Info: Plain pages OFF on input line 4194.
Package hyperref Info: Backreferencing OFF on input line 4199.
Package hyperref Info: Implicit mode ON; LaTeX internals redefined.
Package hyperref Info: Bookmarks ON on input line 4446.
\c@Hy@tempcnt=\count285

(/usr/share/texlive/texmf-dist/tex/latex/url/url.sty
\Urlmuskip=\muskip17
Package: url 2013/09/16  ver 3.4  Verb mode for urls, etc.
)
LaTeX Info: Redefining \url on input line 4784.
\XeTeXLinkMargin=\dimen174

(/usr/share/texlive/texmf-dist/tex/generic/bitset/bitset.sty
Package: bitset 2019/12/09 v1.3 Handle bit-vector datatype (HO)

(/usr/share/texlive/texmf-dist/tex/generic/bigintcalc/bigintcalc.sty
Package: bigintcalc 2019/12/15 v1.5 Expandable calculations on big integers (HO
)
))
\Fld@menulength=\count286
\Field@Width=\dimen175
\Fld@charsize=\dimen176
Package hyperref Info: Hyper figures OFF on input line 6063.
Package hyperref Info: Link nesting OFF on input line 6068.
Package hyperref Info: Hyper index ON on input line 6071.
Package hyperref Info: backreferencing OFF on input line 6078.
Package hyperref Info: Link coloring OFF on input line 6083.
Package hyperref Info: Link coloring with OCG OFF on input line 6088.
Package hyperref Info: PDF/A mode OFF on input line 6093.

(/usr/share/texlive/texmf-dist/tex/latex/base/atbegshi-ltx.sty
Package: atbegshi-ltx 2021/01/10 v1.0c Emulation of the original atbegshi
package with kernel methods
)
\Hy@abspage=\count287
\c@Item=\count288
\c@Hfootnote=\count289
)
Package hyperref Info: Driver (autodetected): hpdftex.

(/usr/share/texlive/texmf-dist/tex/latex/hyperref/hpdftex.def
File: hpdftex.def 2024-01-20 v7.01h Hyperref driver for pdfTeX

(/usr/share/texlive/texmf-dist/tex/latex/base/atveryend-ltx.sty
Package: atveryend-ltx 2020/08/19 v1.0a Emulation of the original atveryend pac
kage
with kernel methods
)
\Fld@listcount=\count290
\c@bookmark@seq@number=\count291

(/usr/share/texlive/texmf-dist/tex/latex/rerunfilecheck/rerunfilecheck.sty
Package: rerunfilecheck 2022-07-10 v1.10 Rerun checks for auxiliary files (HO)

(/usr/share/texlive/texmf-dist/tex/generic/uniquecounter/uniquecounter.sty
Package: uniquecounter 2019/12/15 v1.4 Provide unlimited unique counter (HO)
)
Package uniquecounter Info: New unique counter `rerunfilecheck' on input line 2
85.
)
\Hy@SectionHShift=\skip53
)
(/usr/share/texlive/texmf-dist/tex/latex/pdflscape/pdflscape.sty
Package: pdflscape 2022-10-27 v0.13 Display of landscape pages in PDF

(/usr/share/texlive/texmf-dist/tex/latex/pdflscape/pdflscape-nometadata.sty
Package: pdflscape-nometadata 2022-10-28 v0.13 Display of landscape pages in PD
F (HO)

(/usr/share/texlive/texmf-dist/tex/latex/graphics/lscape.sty
Package: lscape 2020/05/28 v3.02 Landscape Pages (DPC)
)
Package pdflscape Info: Auto-detected driver: pdftex on input line 81.
))
(/usr/share/texlive/texmf-dist/tex/latex/graphics/rotating.sty
Package: rotating 2016/08/11 v2.16d rotated objects in LaTeX

(/usr/share/texlive/texmf-dist/tex/latex/base/ifthen.sty
Package: ifthen 2022/04/13 v1.1d Standard LaTeX ifthen package (DPC)
)
\c@r@tfl@t=\count292
\rotFPtop=\skip54
\rotFPbot=\skip55
\rot@float@box=\box53
\rot@mess@toks=\toks26
)
Package hyperref Info: Option `colorlinks' set `true' on input line 16.

(/usr/share/texlive/texmf-dist/tex/latex/l3backend/l3backend-pdftex.def
File: l3backend-pdftex.def 2024-01-04 L3 backend support: PDF output (pdfTeX)
\l__color_backend_stack_int=\count293
\l__pdf_internal_box=\box54
)
(./paper.aux)
\openout1 = `paper.aux'.

LaTeX Font Info:    Checking defaults for OML/cmm/m/it on input line 28.
LaTeX Font Info:    ... okay on input line 28.
LaTeX Font Info:    Checking defaults for OMS/cmsy/m/n on input line 28.
LaTeX Font Info:    ... okay on input line 28.
LaTeX Font Info:    Checking defaults for OT1/cmr/m/n on input line 28.
LaTeX Font Info:    ... okay on input line 28.
LaTeX Font Info:    Checking defaults for T1/cmr/m/n on input line 28.
LaTeX Font Info:    ... okay on input line 28.
LaTeX Font Info:    Checking defaults for TS1/cmr/m/n on input line 28.
LaTeX Font Info:    ... okay on input line 28.
LaTeX Font Info:    Checking defaults for OMX/cmex/m/n on input line 28.
LaTeX Font Info:    ... okay on input line 28.
LaTeX Font Info:    Checking defaults for U/cmr/m/n on input line 28.
LaTeX Font Info:    ... okay on input line 28.
LaTeX Font Info:    Checking defaults for PD1/pdf/m/n on input line 28.
LaTeX Font Info:    ... okay on input line 28.
LaTeX Font Info:    Checking defaults for PU/pdf/m/n on input line 28.
LaTeX Font Info:    ... okay on input line 28.

*geometry* driver: auto-detecting
*geometry* detected driver: pdftex
*geometry* verbose mode - [ preamble ] result:
* driver: pdftex
* paper: a4paper
* layout: <same size as paper>
* layoutoffset:(h,v)=(0.0pt,0.0pt)
* modes: 
* h-part:(L,W,R)=(54.2025pt, 489.10287pt, 54.2025pt)
* v-part:(T,H,B)=(54.2025pt, 736.64185pt, 54.2025pt)
* \paperwidth=597.50787pt
* \paperheight=845.04684pt
* \textwidth=489.10287pt
* \textheight=736.64185pt
* \oddsidemargin=-18.06749pt
* \evensidemargin=-18.06749pt
* \topmargin=-55.06749pt
* \headheight=12.0pt
* \headsep=25.0pt
* \topskip=10.0pt
* \footskip=30.0pt
* \marginparwidth=4.0pt
* \marginparsep=10.0pt
* \columnsep=10.0pt
* \skip\footins=9.0pt plus 4.0pt minus 2.0pt
* \hoffset=0.0pt
* \voffset=0.0pt
* \mag=1000
* \@twocolumntrue
* \@twosidefalse
* \@mparswitchfalse
* \@reversemarginfalse
* (1in=72.27pt=25.4mm, 1cm=28.453pt)

(/usr/share/texlive/texmf-dist/tex/context/base/mkii/supp-pdf.mkii
[Loading MPS to PDF converter (version 2006.09.02).]
\scratchcounter=\count294
\scratchdimen=\dimen177
\scratchbox=\box55
\nofMPsegments=\count295
\nofMParguments=\count296
\everyMPshowfont=\toks27
\MPscratchCnt=\count297
\MPscratchDim=\dimen178
\MPnumerator=\count298
\makeMPintoPDFobject=\count299
\everyMPtoPDFconversion=\toks28
) (/usr/share/texlive/texmf-dist/tex/latex/epstopdf-pkg/epstopdf-base.sty
Package: epstopdf-base 2020-01-24 v2.11 Base part for package epstopdf
Package epstopdf-base Info: Redefining graphics rule for `.eps' on input line 4
85.

(/usr/share/texlive/texmf-dist/tex/latex/latexconfig/epstopdf-sys.cfg
File: epstopdf-sys.cfg 2010/07/13 v1.3 Configuration of (r)epstopdf for TeX Liv
e
))
(/usr/share/texlive/texmf-dist/tex/latex/graphics/color.sty
Package: color 2022/01/06 v1.3d Standard LaTeX Color (DPC)

(/usr/share/texlive/texmf-dist/tex/latex/graphics-cfg/color.cfg
File: color.cfg 2016/01/02 v1.6 sample color configuration
)
Package color Info: Driver file: pdftex.def on input line 149.

(/usr/share/texlive/texmf-dist/tex/latex/graphics/mathcolor.ltx))
Package hyperref Info: Link coloring ON on input line 28.
 (./paper.out) (./paper.out)
\@outlinefile=\write3
\openout3 = `paper.out'.

LaTeX Font Info:    Trying to load font information for U+msa on input line 31.

 (/usr/share/texlive/texmf-dist/tex/latex/amsfonts/umsa.fd
File: umsa.fd 2013/01/14 v3.01 AMS symbols A
)
LaTeX Font Info:    Trying to load font information for U+msb on input line 31.


(/usr/share/texlive/texmf-dist/tex/latex/amsfonts/umsb.fd
File: umsb.fd 2013/01/14 v3.01 AMS symbols B
)
(./sections/01_introduction.tex
Underfull \hbox (badness 10000) in paragraph at lines 1--1
[]\OT1/cmr/bx/n/14.4 Introduction & Lit-er-a-ture
 []


Underfull \hbox (badness 3209) in paragraph at lines 18--19
\OT1/cmr/bx/n/10 Bench-mark)\OT1/cmr/m/n/10 : Evolv-ing a non-irradiated to
 []


Underfull \hbox (badness 1931) in paragraph at lines 18--19
\OT1/cmr/m/n/10 with smooth un-truncated hy-dro-static pro-files
 []

[1{/var/lib/texmf/fonts/map/pdftex/updmap/pdftex.map}


]
Underfull \hbox (badness 10000) in paragraph at lines 21--22
[]\OT1/cmr/bx/n/10 Multi-Planet Sys-tems with Laplace-
 []


Underfull \hbox (badness 5578) in paragraph at lines 21--22
\OT1/cmr/m/n/10 ec-cen-tric-ity os-cil-la-tions ($\OML/cmm/m/it/10 de[]=dt\OMS/
cmsy/m/n/10 j[]$\OT1/cmr/m/n/10 ) sus-tain
 []


Underfull \hbox (badness 4940) in paragraph at lines 27--28
[]\OT1/cmr/bx/n/10 Single-Planet 1D Evolvers \OT1/cmr/m/n/10 (e.g., MESA,
 []

) (./sections/02_framework.tex
Underfull \hbox (badness 10000) in paragraph at lines 1--1
[]\OT1/cmr/bx/n/14.4 Physical & Math-e-mat-i-cal
 []


Underfull \vbox (badness 2478) has occurred while \output is active []

 [2]
Overfull \hbox (10.03772pt too wide) detected at line 79
[][][][][] \OT1/cmr/m/n/10 = \OMS/cmsy/m/n/10 ^^@\OT1/cmr/m/n/10 3 [] [] [][] \
OML/cmm/m/it/10 na []
 []


Overfull \hbox (19.07729pt too wide) detected at line 87
[]
 []

[3]
Overfull \hbox (79.6507pt too wide) detected at line 99
[]
 []


Overfull \hbox (4.67348pt too wide) detected at line 105
[][][]\OML/cmm/m/it/10 W[] \OT1/cmr/m/n/10 = \OML/cmm/m/it/10 P[] \OMS/cmsy/m/n
/10 ^^A \OML/cmm/m/it/10 P[] \OT1/cmr/m/n/10 = [] \OMS/cmsy/m/n/10 ^^A []
 []

) (./sections/03_benchmarks.tex
Underfull \hbox (badness 10000) in paragraph at lines 105--1
\OT1/cmr/m/n/10 where $\OML/cmm/m/it/10 R[]$ \OT1/cmr/m/n/10 is stel-lar ra-diu
s and $[] \OMS/cmsy/m/n/10 /
 []


Underfull \hbox (badness 2012) in paragraph at lines 1--1
\OT1/cmr/bx/n/14.4 u-la-tion Sce-nar-ios & Bench-
 []

<figures/jupiter_cooling_track.pdf, id=309, 714.63863pt x 499.70454pt>
File: figures/jupiter_cooling_track.pdf Graphic file (type pdf)
<use figures/jupiter_cooling_track.pdf>
Package pdftex.def Info: figures/jupiter_cooling_track.pdf  used on input line 
14.
(pdftex.def)             Requested size: 239.55144pt x 167.50308pt.
<figures/jupiter_internal_profile.pdf, id=310, 716.43422pt x 498.86375pt>
File: figures/jupiter_internal_profile.pdf Graphic file (type pdf)
<use figures/jupiter_internal_profile.pdf>
Package pdftex.def Info: figures/jupiter_internal_profile.pdf  used on input li
ne 21.
(pdftex.def)             Requested size: 239.55144pt x 166.80258pt.
[4 <./figures/jupiter_cooling_track.pdf>]
<figures/hot_jupiter_coupled_orbital_spin_evolution.pdf, id=425, 570.529pt x 49
9.06215pt>
File: figures/hot_jupiter_coupled_orbital_spin_evolution.pdf Graphic file (type
 pdf)
<use figures/hot_jupiter_coupled_orbital_spin_evolution.pdf>
Package pdftex.def Info: figures/hot_jupiter_coupled_orbital_spin_evolution.pdf
  used on input line 35.
(pdftex.def)             Requested size: 239.55144pt x 209.54375pt.
<figures/multi_planet_system_evolution.pdf, id=426, 499.15184pt x 428.23755pt>
File: figures/multi_planet_system_evolution.pdf Graphic file (type pdf)
<use figures/multi_planet_system_evolution.pdf>
Package pdftex.def Info: figures/multi_planet_system_evolution.pdf  used on inp
ut line 48.
(pdftex.def)             Requested size: 239.55144pt x 205.51901pt.
<figures/obliquity_tilted_spin_evolution.pdf, id=427, 498.8236pt x 428.23755pt>

File: figures/obliquity_tilted_spin_evolution.pdf Graphic file (type pdf)
<use figures/obliquity_tilted_spin_evolution.pdf>
Package pdftex.def Info: figures/obliquity_tilted_spin_evolution.pdf  used on i
nput line 62.
(pdftex.def)             Requested size: 239.55144pt x 205.65623pt.

Underfull \hbox (badness 10000) in paragraph at lines 67--67
\OT1/cmr/bx/n/12 align-ment (Rossiter-McLaughlin
 []

<figures/stellar_misaligned_orbit_evolution.pdf, id=428, 499.94547pt x 428.2375
5pt>
File: figures/stellar_misaligned_orbit_evolution.pdf Graphic file (type pdf)
<use figures/stellar_misaligned_orbit_evolution.pdf>
Package pdftex.def Info: figures/stellar_misaligned_orbit_evolution.pdf  used o
n input line 74.
(pdftex.def)             Requested size: 239.55144pt x 205.19229pt.

Underfull \hbox (badness 1902) in paragraph at lines 81--84
\OT1/cmr/m/n/10 
[] = 2\OML/cmm/m/it/10 ^^Y=P[]$ \OT1/cmr/m/n/10 on or-bital semi-major axis mi-
gra-
 []

[5 <./figures/jupiter_internal_profile.pdf> <./figures/hot_jupiter_coupled_orbi
tal_spin_evolution.pdf> <./figures/multi_planet_system_evolution.pdf>]
<figures/stellar_rotation_tidal_migration.pdf, id=708, 499.15184pt x 317.66641p
t>
File: figures/stellar_rotation_tidal_migration.pdf Graphic file (type pdf)
<use figures/stellar_rotation_tidal_migration.pdf>
Package pdftex.def Info: figures/stellar_rotation_tidal_migration.pdf  used on 
input line 87.
(pdftex.def)             Requested size: 239.55144pt x 152.4539pt.

Underfull \hbox (badness 1137) in paragraph at lines 94--97
\OT1/cmr/m/n/10 Simulates an ultra-short-period Hot Jupiter ($\OML/cmm/m/it/10 
a \OT1/cmr/m/n/10 =
 []

<figures/roche_lobe_overflow_mass_loss.pdf, id=709, 787.1508pt x 569.88672pt>
File: figures/roche_lobe_overflow_mass_loss.pdf Graphic file (type pdf)
<use figures/roche_lobe_overflow_mass_loss.pdf>
Package pdftex.def Info: figures/roche_lobe_overflow_mass_loss.pdf  used on inp
ut line 100.
(pdftex.def)             Requested size: 239.55144pt x 173.42822pt.

Underfull \hbox (badness 1824) in paragraph at lines 105--105
\OT1/cmr/bx/n/12 Pop-u-la-tion Study & KS Met-ric
 []

[6 <./figures/obliquity_tilted_spin_evolution.pdf> <./figures/stellar_misaligne
d_orbit_evolution.pdf> <./figures/stellar_rotation_tidal_migration.pdf>]
<figures/hot_jupiter_incremental_ks_comparison.pdf, id=989, 498.39027pt x 317.4
68pt>
File: figures/hot_jupiter_incremental_ks_comparison.pdf Graphic file (type pdf)

<use figures/hot_jupiter_incremental_ks_comparison.pdf>
Package pdftex.def Info: figures/hot_jupiter_incremental_ks_comparison.pdf  use
d on input line 112.
(pdftex.def)             Requested size: 239.55144pt x 152.5912pt.
)
(./sections/04_population.tex
File: figures/hot_jupiter_incremental_ks_comparison.pdf Graphic file (type pdf)

<use figures/hot_jupiter_incremental_ks_comparison.pdf>
Package pdftex.def Info: figures/hot_jupiter_incremental_ks_comparison.pdf  use
d on input line 5.
(pdftex.def)             Requested size: 239.55144pt x 152.5912pt.
) (./sections/05_conclusions.tex)
(./sections/06_appendix.tex
Underfull \hbox (badness 10000) in paragraph at lines 1--1
[]\OT1/cmr/bx/n/14.4 Step-by-Step An-a-lyt-i-cal
 []


Underfull \hbox (badness 10000) in paragraph at lines 1--1
\OT1/cmr/bx/n/14.4 Deriva-tions from First-
 []


Underfull \hbox (badness 1270) in paragraph at lines 6--6
[]\OT1/cmr/bx/n/12 Derivation A1: 1D Hy-dro-static
 []

[7 <./figures/roche_lobe_overflow_mass_loss.pdf> <./figures/hot_jupiter_increme
ntal_ks_comparison.pdf>] [8]
Underfull \hbox (badness 1365) in paragraph at lines 118--118
[]\OT1/cmr/bx/n/12 Derivation A3: Non-Relativistic
 []


Underfull \hbox (badness 10000) in paragraph at lines 118--118
\OT1/cmr/bx/n/12 Elec-tron De-gen-er-acy Pres-sure
 []


Package hyperref Warning: Token not allowed in a PDF string (Unicode):
(hyperref)                removing `math shift' on input line 118.


Package hyperref Warning: Token not allowed in a PDF string (Unicode):
(hyperref)                removing `subscript' on input line 118.


Package hyperref Warning: Token not allowed in a PDF string (Unicode):
(hyperref)                removing `math shift' on input line 118.

[9]
Underfull \hbox (badness 3449) in paragraph at lines 198--198
[]\OT1/cmr/bx/n/12 Derivation A5: Heavy-Element
 []


Overfull \hbox (2.17029pt too wide) in paragraph at lines 221--221
[]   \OT1/cmtt/m/n/7 |      |                 |  ( \  / )         | Phase Lag d
elta[] 
 []


Underfull \hbox (badness 5533) in paragraph at lines 238--240
[]\OT1/cmr/m/n/10 3. **Ohmic Dis-si-pa-tion Power ($\OML/cmm/m/it/10 P[] \OT1/c
mr/m/n/10 =
 []

[10]
Overfull \hbox (43.07704pt too wide) in paragraph at lines 282--282
[]   \OT1/cmtt/m/n/7 Roche Lobe R_Roche = a * [ 0.49 q^(2/3) / (0.6 q^(2/3) + l
n(1+q^(1/3))) ][] 
 []


Underfull \hbox (badness 1394) in paragraph at lines 299--301
\OT1/cmr/m/n/10 the sonic sur-face near $\OML/cmm/m/it/10 L[]$ \OT1/cmr/m/n/10 
at sound speed $\OML/cmm/m/it/10 c[] \OMS/cmsy/m/n/10 ^^Y
 []


Underfull \hbox (badness 10000) in paragraph at lines 305--307
[]\OT1/cmr/m/n/10 4. **Or-bital Back-Reaction**: Equat-
 []


Underfull \hbox (badness 10000) in paragraph at lines 305--307
\OT1/cmr/m/n/10 ing or-bital an-gu-lar mo-men-tum $\OML/cmm/m/it/10 L[] \OT1/cm
r/m/n/10 =
 []


Underfull \hbox (badness 1430) in paragraph at lines 305--307
\OML/cmm/m/it/10 M[]M[][]=\OT1/cmr/m/n/10 (\OML/cmm/m/it/10 M[] \OT1/cmr/m/n/10
 + \OML/cmm/m/it/10 M[]\OT1/cmr/m/n/10 )$ and mass loss
 []


Underfull \hbox (badness 10000) in paragraph at lines 323--325
\OT1/cmr/m/n/10 Substituting $\OML/cmm/m/it/10 I[] \OT1/cmr/m/n/10 = \OML/cmm/m
/it/10 C[]M[]R[]$ \OT1/cmr/m/n/10 and $\OML/cmm/m/it/10 dI[]=dt \OT1/cmr/m/n/10
 =
 []


Underfull \hbox (badness 10000) in paragraph at lines 327--329
\OT1/cmr/m/n/10 Substituting tidal torque $\OML/cmm/m/it/10 T[] \OT1/cmr/m/n/10
 =
 []


Underfull \hbox (badness 10000) in paragraph at lines 340--340
[]\OT1/cmr/bx/n/12 Derivation A11: Laplace-
 []

[11]
Underfull \hbox (badness 1755) in paragraph at lines 369--369
[]\OT1/cmr/bx/n/12 Derivation A12: Ob-ser-va-tional
 []

)
Underfull \hbox (badness 2753) in paragraph at lines 64--65
\OT1/cmr/m/n/10 Element Masses of Gi-ant Ex-o-plan-ets. \OT1/cmr/m/it/10 ApJL\O
T1/cmr/m/n/10 ,
 []

[12] [13

] (./paper.aux)
 ***********
LaTeX2e <2023-11-01> patch level 1
L3 programming layer <2024-01-22>
 ***********
Package rerunfilecheck Info: File `paper.out' has not changed.
(rerunfilecheck)             Checksum: 5B6E05E183DAA7BA75DFF5AA5865E007;17773.
 ) 
Here is how much of TeX's memory you used:
 10851 strings out of 476182
 168112 string characters out of 5795596
 1966975 words of memory out of 5000000
 32492 multiletter control sequences out of 15000+600000
 570516 words of font info for 84 fonts, out of 8000000 for 9000
 14 hyphenation exceptions out of 8191
 75i,17n,79p,1243b,642s stack positions out of 10000i,1000n,20000p,200000b,200000s
 </home/neil/.texlive2023/texmf-var/fonts/pk/ljfour/jknappen/ec/tcrm1000.600p
k></usr/share/texlive/texmf-dist/fonts/type1/public/amsfonts/cm/cmbx10.pfb></us
r/share/texlive/texmf-dist/fonts/type1/public/amsfonts/cm/cmbx12.pfb></usr/shar
e/texlive/texmf-dist/fonts/type1/public/amsfonts/cm/cmbx9.pfb></usr/share/texli
ve/texmf-dist/fonts/type1/public/amsfonts/cm/cmex10.pfb></usr/share/texlive/tex
mf-dist/fonts/type1/public/amsfonts/cm/cmmi10.pfb></usr/share/texlive/texmf-dis
t/fonts/type1/public/amsfonts/cm/cmmi12.pfb></usr/share/texlive/texmf-dist/font
s/type1/public/amsfonts/cm/cmmi5.pfb></usr/share/texlive/texmf-dist/fonts/type1
/public/amsfonts/cm/cmmi6.pfb></usr/share/texlive/texmf-dist/fonts/type1/public
/amsfonts/cm/cmmi7.pfb></usr/share/texlive/texmf-dist/fonts/type1/public/amsfon
ts/cm/cmmi9.pfb></usr/share/texlive/texmf-dist/fonts/type1/public/amsfonts/cm/c
mr10.pfb></usr/share/texlive/texmf-dist/fonts/type1/public/amsfonts/cm/cmr12.pf
b></usr/share/texlive/texmf-dist/fonts/type1/public/amsfonts/cm/cmr5.pfb></usr/
share/texlive/texmf-dist/fonts/type1/public/amsfonts/cm/cmr6.pfb></usr/share/te
xlive/texmf-dist/fonts/type1/public/amsfonts/cm/cmr7.pfb></usr/share/texlive/te
xmf-dist/fonts/type1/public/amsfonts/cm/cmr8.pfb></usr/share/texlive/texmf-dist
/fonts/type1/public/amsfonts/cm/cmr9.pfb></usr/share/texlive/texmf-dist/fonts/t
ype1/public/amsfonts/cm/cmsy10.pfb></usr/share/texlive/texmf-dist/fonts/type1/p
ublic/amsfonts/cm/cmsy6.pfb></usr/share/texlive/texmf-dist/fonts/type1/public/a
msfonts/cm/cmsy7.pfb></usr/share/texlive/texmf-dist/fonts/type1/public/amsfonts
/cm/cmsy9.pfb></usr/share/texlive/texmf-dist/fonts/type1/public/amsfonts/cm/cmt
i10.pfb></usr/share/texlive/texmf-dist/fonts/type1/public/amsfonts/cm/cmtt10.pf
b></usr/share/texlive/texmf-dist/fonts/type1/public/amsfonts/cm/cmtt8.pfb></usr
/share/texlive/texmf-dist/fonts/type1/public/amsfonts/cm/cmtt9.pfb></usr/share/
texlive/texmf-dist/fonts/type1/public/amsfonts/symbols/msbm10.pfb>
Output written on paper.pdf (13 pages, 650286 bytes).
PDF statistics:
 1461 PDF objects out of 1728 (max. 8388607)
 695 compressed objects within 7 object streams
 187 named destinations out of 1000 (max. 500000)
 534 words of extra memory for PDF output out of 10000 (max. 10000000)

